###############################################################################
#
# IAR ELF Linker V8.11.3.13950/W32 for ARM                02/Feb/2020  20:43:38
# Copyright 2007-2017 IAR Systems AB.
#
#    Output file  =  
#        E:\resources\smart_car\prj\code\KEAZ128\Prj\IAR\KEA128_Debug\Exe\vcan_Kinetis.out
#    Map file     =  
#        E:\resources\smart_car\prj\code\KEAZ128\Prj\IAR\KEA128_Debug\List\vcan_Kinetis.map
#    Command line =  
#        -f C:\Users\Dell\AppData\Local\Temp\EW7D1A.tmp
#        (E:\resources\smart_car\prj\code\KEAZ128\Prj\IAR\KEA128_Debug\Obj\KEA_adc.o
#        E:\resources\smart_car\prj\code\KEAZ128\Prj\IAR\KEA128_Debug\Obj\KEA_ftm.o
#        E:\resources\smart_car\prj\code\KEAZ128\Prj\IAR\KEA128_Debug\Obj\KEA_gpio.o
#        E:\resources\smart_car\prj\code\KEAZ128\Prj\IAR\KEA128_Debug\Obj\KEA_PIT.o
#        E:\resources\smart_car\prj\code\KEAZ128\Prj\IAR\KEA128_Debug\Obj\KEA_port.o
#        E:\resources\smart_car\prj\code\KEAZ128\Prj\IAR\KEA128_Debug\Obj\KEA_SysTick.o
#        E:\resources\smart_car\prj\code\KEAZ128\Prj\IAR\KEA128_Debug\Obj\KEA_uart.o
#        E:\resources\smart_car\prj\code\KEAZ128\Prj\IAR\KEA128_Debug\Obj\KEA_wdog.o
#        E:\resources\smart_car\prj\code\KEAZ128\Prj\IAR\KEA128_Debug\Obj\main.o
#        E:\resources\smart_car\prj\code\KEAZ128\Prj\IAR\KEA128_Debug\Obj\misc.o
#        E:\resources\smart_car\prj\code\KEAZ128\Prj\IAR\KEA128_Debug\Obj\MKEA128_conf.o
#        E:\resources\smart_car\prj\code\KEAZ128\Prj\IAR\KEA128_Debug\Obj\MKEA128_it.o
#        E:\resources\smart_car\prj\code\KEAZ128\Prj\IAR\KEA128_Debug\Obj\startup_SKEAZ1284.o
#        E:\resources\smart_car\prj\code\KEAZ128\Prj\IAR\KEA128_Debug\Obj\system_SKEAZ1284.o
#        E:\resources\smart_car\prj\code\KEAZ128\Prj\IAR\KEA128_Debug\Obj\VCAN_ASCII.o
#        E:\resources\smart_car\prj\code\KEAZ128\Prj\IAR\KEA128_Debug\Obj\VCAN_computer.o
#        E:\resources\smart_car\prj\code\KEAZ128\Prj\IAR\KEA128_Debug\Obj\VCAN_Control.o
#        E:\resources\smart_car\prj\code\KEAZ128\Prj\IAR\KEA128_Debug\Obj\VCAN_ENCODER.o
#        E:\resources\smart_car\prj\code\KEAZ128\Prj\IAR\KEA128_Debug\Obj\VCAN_FUN.o
#        E:\resources\smart_car\prj\code\KEAZ128\Prj\IAR\KEA128_Debug\Obj\VCAN_IIC.o
#        E:\resources\smart_car\prj\code\KEAZ128\Prj\IAR\KEA128_Debug\Obj\VCAN_Interrupt.o
#        E:\resources\smart_car\prj\code\KEAZ128\Prj\IAR\KEA128_Debug\Obj\VCAN_key.o
#        E:\resources\smart_car\prj\code\KEAZ128\Prj\IAR\KEA128_Debug\Obj\VCAN_LED.o
#        E:\resources\smart_car\prj\code\KEAZ128\Prj\IAR\KEA128_Debug\Obj\VCAN_MPU6050.o
#        E:\resources\smart_car\prj\code\KEAZ128\Prj\IAR\KEA128_Debug\Obj\VCAN_OLED.o
#        E:\resources\smart_car\prj\code\KEAZ128\Prj\IAR\KEA128_Debug\Obj\VCAN_PWM.o
#        E:\resources\smart_car\prj\code\KEAZ128\Prj\IAR\KEA128_Debug\Obj\VCAN_SENSOR.o
#        E:\resources\smart_car\prj\code\KEAZ128\Prj\IAR\KEA128_Debug\Obj\VCAN_Voltage.o
#        E:\resources\smart_car\prj\code\KEAZ128\Prj\IAR\KEA128_Debug\Obj\vectors.o
#        --redirect _Printf=_PrintfLargeNoMb --redirect _Scanf=_ScanfLargeNoMb
#        -o
#        E:\resources\smart_car\prj\code\KEAZ128\Prj\IAR\KEA128_Debug\Exe\vcan_Kinetis.out
#        --map
#        E:\resources\smart_car\prj\code\KEAZ128\Prj\IAR\KEA128_Debug\List\vcan_Kinetis.map
#        --config "E:\resources\smart_car\prj\code\KEAZ128\Prj\IAR\config
#        files\vcan_ROM_KEA128.icf" --entry __iar_program_start --redirect
#        __write=__write_buffered --vfe --text_out locale)
#
###############################################################################

*******************************************************************************
*** RUNTIME MODEL ATTRIBUTES
***

CppFlavor       = *
__SystemLibrary = DLib
__dlib_version  = 6


*******************************************************************************
*** HEAP SELECTION
***

The basic heap was selected because no calls to memory allocation
functions were found in the application outside of system library
functions, and there are calls to deallocation functions in the
application.


*******************************************************************************
*** PLACEMENT SUMMARY
***

"A0":  place at 0x00004000 { ro section .intvec };
"A1":  place at 0x000040c0 { ro section .noinit };
define block CodeRelocate { section .textrw_init };
"P1":  place in [from 0x00004000 to 0x00020000] { ro, block CodeRelocate };
define block CodeRelocateRam { section .textrw };
define block CSTACK with size = 8K, alignment = 8 { };
define block HEAP with size = 0M, alignment = 8 { };
"P2":  place in [from 0x1ffff000 to 0x20003000] {
          rw, block CodeRelocateRam, block CSTACK, block HEAP };
initialize manually with packing = copy, complex ranges { section .data };

  Section              Kind        Address    Size  Object
  -------              ----        -------    ----  ------
"A0":                                         0xc0
  .intvec              const    0x00004000    0xc0  vectors.o [1]
                              - 0x000040c0    0xc0

"A1":                                          0x8
  .noinit              ro code  0x000040c0     0x8  startup_SKEAZ1284.o [1]
                              - 0x000040c8     0x8

"P1", part 1 of 2:                          0x3000
  .text                ro code  0x000040c8   0x414  KEA_ftm.o [1]
  .text                ro code  0x000044dc    0xe0  I32DivModFast.o [5]
  .text                ro code  0x000045bc    0x1c  MKEA128_conf.o [1]
  .text                ro code  0x000045d8    0x36  IxxToFlt.o [4]
  .text                ro code  0x0000460e    0xb0  FltMul.o [4]
  .text                ro code  0x000046be    0xaa  FltDiv.o [4]
  .text                ro code  0x00004768    0x3a  FltToS32.o [4]
  .text                ro code  0x000047a4    0x26  FltCmpLe.o [4]
  .text                ro code  0x000047cc    0x32  FltToDbl.o [4]
  .text                ro code  0x000047fe    0xc2  DblDiv.o [4]
  .text                ro code  0x000048c0    0x62  DblToFlt.o [4]
  .text                ro code  0x00004924    0x26  FltToU32.o [4]
  .text                ro code  0x0000494c     0x2  IntDivZer.o [5]
  .text                ro code  0x00004950    0x70  VCAN_LED.o [1]
  .text                ro code  0x000049c0    0x6c  misc.o [1]
  .text                ro code  0x00004a2c   0x208  KEA_gpio.o [1]
  .text                ro code  0x00004c34   0x39c  VCAN_Control.o [1]
  .text                ro code  0x00004fd0    0xec  VCAN_MPU6050.o [1]
  .text                ro code  0x000050bc   0x120  FltAddSub.o [4]
  .text                ro code  0x000051dc    0x40  VCAN_FUN.o [1]
  .text                ro code  0x0000521c   0x168  asin64.o [4]
  .text                ro code  0x00005384   0x184  DblMul.o [4]
  .text                ro code  0x00005508   0x1b4  DblAddSub.o [4]
  .text                ro code  0x000056bc    0x34  IxxToDbl.o [4]
  .text                ro code  0x000056f0   0x278  VCAN_IIC.o [1]
  .text                ro code  0x00005968    0xc0  sqrt.o [4]
  .text                ro code  0x00005a28   0x268  iar_Atan64.o [4]
  .text                ro code  0x00005c90    0x70  KEA_port.o [1]
  .text                ro code  0x00005d00   0x2f4  VCAN_key.o [1]
  .text                ro code  0x00005ff4   0x224  VCAN_OLED.o [1]
  .text                ro code  0x00006218   0x1c8  VCAN_PWM.o [1]
  .text                ro code  0x000063e0    0x28  FltCmpGe.o [4]
  .text                ro code  0x00006408   0x160  vectors.o [1]
  .text                ro code  0x00006568   0x130  system_SKEAZ1284.o [1]
  .text                ro code  0x00006698    0x54  KEA_wdog.o [1]
  .text                ro code  0x000066ec   0x10c  main.o [1]
  .text                ro code  0x000067f8    0xfc  KEA_uart.o [1]
  .text                ro code  0x000068f4    0xb8  VCAN_SENSOR.o [1]
  .text                ro code  0x000069ac    0xcc  VCAN_ENCODER.o [1]
  .text                ro code  0x00006a78    0x64  KEA_SysTick.o [1]
  .text                ro code  0x00006adc    0x88  KEA_PIT.o [1]
  .text                ro code  0x00006b64    0xa0  KEA_adc.o [1]
  .text                ro code  0x00006c04   0x12c  VCAN_Voltage.o [1]
  .text                ro code  0x00006d30    0xec  VCAN_Interrupt.o [1]
  .data_init                    0x00006e1c    0x44  <Block>
    Initializer bytes  const    0x00006e1c    0x44  <for .data-1>
  .rodata              const    0x00006e60    0x40  KEA_SysTick.o [1]
  .text                ro code  0x00006ea0    0x40  zero_init3.o [5]
  .rodata              const    0x00006ee0    0x3c  KEA_adc.o [1]
  .rodata              const    0x00006f1c    0x3c  KEA_ftm.o [1]
  .rodata              const    0x00006f58    0x3c  KEA_gpio.o [1]
  .rodata              const    0x00006f94    0x3c  KEA_PIT.o [1]
  .rodata              const    0x00006fd0    0x38  misc.o [1]
  .text                ro code  0x00007008    0x30  MKEA128_it.o [1]
  .text                ro code  0x00007038    0x28  data_init.o [5]
  .iar.init_table      const    0x00007060    0x10  - Linker created -
  .text                ro code  0x00007070    0x1a  cmain.o [5]
  .text                ro code  0x0000708a     0x4  low_level_init.o [3]
  .text                ro code  0x0000708e     0x8  exit.o [3]
  .text                ro code  0x00007098     0xa  cexit.o [5]
  .text                ro code  0x000070a4     0xc  XXexit.o [5]
  .rodata              const    0x000070b0     0xc  KEA_port.o [1]
  .text                ro code  0x000070bc     0xc  cstartup_M.o [5]
  .rodata              const    0x000070c8     0x0  zero_init3.o [5]
                              - 0x000070c8  0x3000

"P1", part 2 of 2:                             0x0
  CodeRelocate                  0x000070c8     0x0  <Block>

"P2", part 1 of 3:                            0x44
  .data                         0x1ffff000    0x44  <Block>
    .data-1                     0x1ffff000    0x44  <Init block>
      .data            inited   0x1ffff000     0xc  KEA_gpio.o [1]
      .data            inited   0x1ffff00c     0x4  VCAN_Control.o [1]
      .data            inited   0x1ffff010     0x4  VCAN_Control.o [1]
      .data            inited   0x1ffff014     0x4  VCAN_Control.o [1]
      .data            inited   0x1ffff018     0x4  VCAN_Control.o [1]
      .data            inited   0x1ffff01c     0x4  VCAN_Control.o [1]
      .data            inited   0x1ffff020     0x4  VCAN_Control.o [1]
      .data            inited   0x1ffff024     0x4  VCAN_Control.o [1]
      .data            inited   0x1ffff028     0x4  VCAN_Control.o [1]
      .data            inited   0x1ffff02c     0x4  VCAN_Control.o [1]
      .data            inited   0x1ffff030     0x4  VCAN_Control.o [1]
      .data            inited   0x1ffff034     0x4  VCAN_Control.o [1]
      .data            inited   0x1ffff038     0x8  VCAN_key.o [1]
      .data            inited   0x1ffff040     0x4  VCAN_LED.o [1]
                              - 0x1ffff044    0x44

"P2", part 2 of 3:                            0xe4
  .bss                          0x1ffff044    0xe4  <Block>
    .bss               zero     0x1ffff044     0xc  KEA_ftm.o [1]
    .bss               zero     0x1ffff050     0x4  system_SKEAZ1284.o [1]
    .bss               zero     0x1ffff054     0x4  system_SKEAZ1284.o [1]
    .bss               zero     0x1ffff058     0x4  system_SKEAZ1284.o [1]
    .bss               zero     0x1ffff05c     0x4  system_SKEAZ1284.o [1]
    .bss               zero     0x1ffff060     0x4  VCAN_Control.o [1]
    .bss               zero     0x1ffff064     0x4  VCAN_Control.o [1]
    .bss               zero     0x1ffff068     0x4  VCAN_Control.o [1]
    .bss               zero     0x1ffff06c     0x4  VCAN_Control.o [1]
    .bss               zero     0x1ffff070     0x4  VCAN_Control.o [1]
    .bss               zero     0x1ffff074     0x4  VCAN_Control.o [1]
    .bss               zero     0x1ffff078     0x4  VCAN_Control.o [1]
    .bss               zero     0x1ffff07c     0x4  VCAN_Control.o [1]
    .bss               zero     0x1ffff080     0x4  VCAN_Control.o [1]
    .bss               zero     0x1ffff084     0x4  VCAN_Control.o [1]
    .bss               zero     0x1ffff088     0x4  VCAN_Control.o [1]
    .bss               zero     0x1ffff08c     0x4  VCAN_Control.o [1]
    .bss               zero     0x1ffff090     0x4  VCAN_Control.o [1]
    .bss               zero     0x1ffff094     0x4  VCAN_Control.o [1]
    .bss               zero     0x1ffff098     0x4  VCAN_Control.o [1]
    .bss               zero     0x1ffff09c     0x4  VCAN_Control.o [1]
    .bss               zero     0x1ffff0a0     0x4  VCAN_Control.o [1]
    .bss               zero     0x1ffff0a4     0x4  VCAN_Control.o [1]
    .bss               zero     0x1ffff0a8     0x4  VCAN_Control.o [1]
    .bss               zero     0x1ffff0ac     0x4  VCAN_ENCODER.o [1]
    .bss               zero     0x1ffff0b0     0x4  VCAN_ENCODER.o [1]
    .bss               zero     0x1ffff0b4     0x4  VCAN_Interrupt.o [1]
    .bss               zero     0x1ffff0b8     0x4  VCAN_Interrupt.o [1]
    .bss               zero     0x1ffff0bc     0x4  VCAN_Interrupt.o [1]
    .bss               zero     0x1ffff0c0     0x4  VCAN_key.o [1]
    .bss               zero     0x1ffff0c4     0x4  VCAN_key.o [1]
    .bss               zero     0x1ffff0c8     0x4  VCAN_key.o [1]
    .bss               zero     0x1ffff0cc     0x4  VCAN_key.o [1]
    .bss               zero     0x1ffff0d0     0x4  VCAN_key.o [1]
    .bss               zero     0x1ffff0d4     0x4  VCAN_key.o [1]
    .bss               zero     0x1ffff0d8     0x4  VCAN_PWM.o [1]
    .bss               zero     0x1ffff0dc     0x4  VCAN_PWM.o [1]
    .bss               zero     0x1ffff0e0     0xc  VCAN_SENSOR.o [1]
    .bss               zero     0x1ffff0ec     0x4  VCAN_Voltage.o [1]
    .bss               zero     0x1ffff0f0    0x18  VCAN_Voltage.o [1]
    .bss               zero     0x1ffff108     0xc  VCAN_Voltage.o [1]
    .bss               zero     0x1ffff114     0x2  VCAN_ENCODER.o [1]
    .bss               zero     0x1ffff116     0x2  VCAN_ENCODER.o [1]
    .bss               zero     0x1ffff118     0x2  VCAN_MPU6050.o [1]
    .bss               zero     0x1ffff11a     0x2  VCAN_MPU6050.o [1]
    .bss               zero     0x1ffff11c     0x2  VCAN_MPU6050.o [1]
    .bss               zero     0x1ffff11e     0x2  VCAN_MPU6050.o [1]
    .bss               zero     0x1ffff120     0x2  VCAN_MPU6050.o [1]
    .bss               zero     0x1ffff122     0x2  VCAN_MPU6050.o [1]
    .bss               zero     0x1ffff124     0x2  VCAN_SENSOR.o [1]
    .bss               zero     0x1ffff126     0x2  VCAN_SENSOR.o [1]
                              - 0x1ffff128    0xe4

"P2", part 3 of 3:                             0x0
  CodeRelocateRam               0x1ffff128     0x0  <Block>


*******************************************************************************
*** INIT TABLE
***

          Address     Size
          -------     ----
Zero (__iar_zero_init3)
    1 destination range, total size 0xe4:
          0x1ffff044  0xe4



*******************************************************************************
*** MODULE SUMMARY
***

    Module               ro code  ro data  rw data
    ------               -------  -------  -------
E:\resources\smart_car\prj\code\KEAZ128\Prj\IAR\KEA128_Debug\Obj: [1]
    KEA_PIT.o                136       60
    KEA_SysTick.o            100       64
    KEA_adc.o                160       60
    KEA_ftm.o              1 044       60       12
    KEA_gpio.o               520       72       12
    KEA_port.o               112       12
    KEA_uart.o               252
    KEA_wdog.o                84
    MKEA128_conf.o            28
    MKEA128_it.o              48
    VCAN_Control.o           924       44      120
    VCAN_ENCODER.o           204                12
    VCAN_FUN.o                64
    VCAN_IIC.o               632
    VCAN_Interrupt.o         236                12
    VCAN_LED.o               112        4        4
    VCAN_MPU6050.o           236                12
    VCAN_OLED.o              548
    VCAN_PWM.o               456                 8
    VCAN_SENSOR.o            184                16
    VCAN_Voltage.o           300                40
    VCAN_key.o               756        8       32
    main.o                   268
    misc.o                   108       56
    startup_SKEAZ1284.o        8
    system_SKEAZ1284.o       304                16
    vectors.o                352      192
    ----------------------------------------------
    Total:                 8 176      632      296

command line: [2]
    ----------------------------------------------
    Total:

dl6M_tlf.a: [3]
    exit.o                     8
    low_level_init.o           4
    ----------------------------------------------
    Total:                    12

m6M_tl.a: [4]
    DblAddSub.o              436
    DblDiv.o                 194
    DblMul.o                 388
    DblToFlt.o                98
    FltAddSub.o              288
    FltCmpGe.o                40
    FltCmpLe.o                38
    FltDiv.o                 170
    FltMul.o                 176
    FltToDbl.o                50
    FltToS32.o                58
    FltToU32.o                38
    IxxToDbl.o                52
    IxxToFlt.o                54
    asin64.o                 360
    iar_Atan64.o             616
    sqrt.o                   192
    ----------------------------------------------
    Total:                 3 248

rt6M_tl.a: [5]
    I32DivModFast.o          224
    IntDivZer.o                2
    XXexit.o                  12
    cexit.o                   10
    cmain.o                   26
    cstartup_M.o              12
    data_init.o               40
    zero_init3.o              64
    ----------------------------------------------
    Total:                   390

    Gaps                      14
    Linker created                     16
--------------------------------------------------
    Grand Total:          11 840      648      296


*******************************************************************************
*** ENTRY LIST
***

Entry                      Address   Size  Type      Object
-----                      -------   ----  ----      ------
.bss$$Base              0x1ffff044          --   Gb  - Linker created -
.bss$$Limit             0x1ffff128          --   Gb  - Linker created -
.data$$Base             0x1ffff000          --   Gb  - Linker created -
.data$$Limit            0x1ffff044          --   Gb  - Linker created -
.data_init$$Base        0x00006e1c          --   Gb  - Linker created -
.data_init$$Limit       0x00006e60          --   Gb  - Linker created -
.iar.init_table$$Base   0x00007060          --   Gb  - Linker created -
.iar.init_table$$Limit  0x00007070          --   Gb  - Linker created -
?main                   0x00007071         Code  Gb  cmain.o [5]
AD_Get                  0x1ffff0e0    0xc  Data  Gb  VCAN_SENSOR.o [1]
AD_GetValue             0x00006969   0x38  Code  Gb  VCAN_SENSOR.o [1]
Angle_Calculate         0x00004c35   0xfa  Code  Gb  VCAN_Control.o [1]
Angle_Control           0x00004d2f   0x36  Code  Gb  VCAN_Control.o [1]
CAR_SPEED_SET           0x1ffff024    0x4  Data  Gb  VCAN_Control.o [1]
Car_angle_D             0x1ffff020    0x4  Data  Gb  VCAN_Control.o [1]
Car_angle_P             0x1ffff01c    0x4  Data  Gb  VCAN_Control.o [1]
CodeRelocate$$Base      0x000070c8          --   Gb  - Linker created -
CodeRelocate$$Limit     0x000070c8          --   Gb  - Linker created -
CodeRelocateRam$$Base   0x1ffff128          --   Gb  - Linker created -
CodeRelocateRam$$Limit  0x1ffff128          --   Gb  - Linker created -
DIR_CONTROL_D           0x1ffff034    0x4  Data  Gb  VCAN_Control.o [1]
DIR_CONTROL_P           0x1ffff030    0x4  Data  Gb  VCAN_Control.o [1]
DirectionControlOutput  0x00004f19   0x36  Code  Gb  VCAN_Control.o [1]
DirectionVoltageSigma   0x00006cc1   0x4e  Code  Gb  VCAN_Voltage.o [1]
Direction_Control       0x00004e49   0xb8  Code  Gb  VCAN_Control.o [1]
Encoder_Init            0x000069ad   0x3c  Code  Gb  VCAN_ENCODER.o [1]
GPIOX                   0x1ffff000    0xc  Data  Gb  KEA_gpio.o [1]
GRAVITY_ANGLE_MAX       0x1ffff010    0x4  Data  Gb  VCAN_Control.o [1]
GRAVITY_OFFSET          0x1ffff00c    0x4  Data  Gb  VCAN_Control.o [1]
GYROSCOPE_ANGLE_RATIO   0x1ffff018    0x4  Data  Gb  VCAN_Control.o [1]
GYROSCOPE_OFFSET        0x1ffff014    0x4  Data  Gb  VCAN_Control.o [1]
GetInputVoltageAverage  0x00006c55   0x6c  Code  Gb  VCAN_Voltage.o [1]
GetMotorPulse           0x000069e9   0x74  Code  Gb  VCAN_ENCODER.o [1]
Get_AccData             0x0000501b   0x44  Code  Gb  VCAN_MPU6050.o [1]
Get_Gyro                0x0000505f   0x44  Code  Gb  VCAN_MPU6050.o [1]
I2C_SendACK             0x0000575d   0x42  Code  Gb  VCAN_IIC.o [1]
IIC_init                0x00005941   0x28  Code  Gb  VCAN_IIC.o [1]
IIC_start               0x00005701   0x2c  Code  Gb  VCAN_IIC.o [1]
IIC_stop                0x0000572d   0x30  Code  Gb  VCAN_IIC.o [1]
InitMPU6050             0x00004fd1   0x4a  Code  Gb  VCAN_MPU6050.o [1]
KEY_PTxn                0x1ffff038    0x8  Data  Gb  VCAN_key.o [1]
LED_PTxn                0x1ffff040    0x4  Data  Gb  VCAN_LED.o [1]
MotorOutput             0x00006219   0x3c  Code  Gb  VCAN_PWM.o [1]
MotorSpeedOut           0x00006255   0x80  Code  Gb  VCAN_PWM.o [1]
NVIC_EnableIRQ          0x000066ed    0xe  Code  Lc  main.o [1]
NVIC_SetPriority        0x000066fb   0x84  Code  Lc  main.o [1]
OLED_DLY_ms             0x0000608d   0x1e  Code  Gb  VCAN_OLED.o [1]
OLED_Fill               0x000060db   0x3e  Code  Gb  VCAN_OLED.o [1]
OLED_Init               0x00006119  0x100  Code  Gb  VCAN_OLED.o [1]
OLED_Set_Pos            0x000060ab   0x30  Code  Gb  VCAN_OLED.o [1]
OLED_WrCmd              0x00006041   0x4c  Code  Gb  VCAN_OLED.o [1]
OLED_WrDat              0x00005ff5   0x4c  Code  Gb  VCAN_OLED.o [1]
PIT_Interrupt           0x00006d31   0xec  Code  Gb  VCAN_Interrupt.o [1]
PWM_Init                0x0000635d   0x58  Code  Gb  VCAN_PWM.o [1]
Region$$Table$$Base     0x00007060          --   Gb  - Linker created -
Region$$Table$$Limit    0x00007070          --   Gb  - Linker created -
Reset_Handler           0x000040c1         Code  Gb  startup_SKEAZ1284.o [1]
SCCB_WaitAck            0x0000579f   0x58  Code  Lc  VCAN_IIC.o [1]
SPEED_CONTROL_I         0x1ffff02c    0x4  Data  Gb  VCAN_Control.o [1]
SPEED_CONTROL_P         0x1ffff028    0x4  Data  Gb  VCAN_Control.o [1]
SampleInputVoltage      0x00006c05   0x50  Code  Gb  VCAN_Voltage.o [1]
SetMotorVoltage         0x000062d5   0x88  Code  Gb  VCAN_PWM.o [1]
SpeedControlOutput      0x00004df7   0x36  Code  Gb  VCAN_Control.o [1]
Speed_Control           0x00004d65   0x92  Code  Gb  VCAN_Control.o [1]
__BOOT_STACK_ADDRESS {Abs}
                        0x20002ff8         Data  Gb  command line/config [2]
__VECTOR_TABLE {Abs}    0x00004000         Data  Gb  command line/config [2]
__aeabi_cfcmple         0x000047a5         Code  Gb  FltCmpLe.o [4]
__aeabi_cfrcmple        0x000063e1         Code  Gb  FltCmpGe.o [4]
__aeabi_d2f             0x000048c1         Code  Gb  DblToFlt.o [4]
__aeabi_dadd            0x00005509         Code  Gb  DblAddSub.o [4]
__aeabi_ddiv            0x000047ff         Code  Gb  DblDiv.o [4]
__aeabi_dmul            0x00005385         Code  Gb  DblMul.o [4]
__aeabi_dsub            0x000055cf         Code  Gb  DblAddSub.o [4]
__aeabi_f2d             0x000047cd         Code  Gb  FltToDbl.o [4]
__aeabi_f2iz            0x00004769         Code  Gb  FltToS32.o [4]
__aeabi_f2uiz           0x00004925         Code  Gb  FltToU32.o [4]
__aeabi_fadd            0x000050bd         Code  Gb  FltAddSub.o [4]
__aeabi_fdiv            0x000046bf         Code  Gb  FltDiv.o [4]
__aeabi_fmul            0x0000460f         Code  Gb  FltMul.o [4]
__aeabi_fsub            0x0000512d         Code  Gb  FltAddSub.o [4]
__aeabi_i2d             0x000056dd         Code  Gb  IxxToDbl.o [4]
__aeabi_i2f             0x000045f9         Code  Gb  IxxToFlt.o [4]
__aeabi_idiv            0x00004509         Code  Gb  I32DivModFast.o [5]
__aeabi_idiv0           0x0000494d         Code  Gb  IntDivZer.o [5]
__aeabi_idivmod         0x00004509         Code  Gb  I32DivModFast.o [5]
__aeabi_ui2d            0x000056bd         Code  Gb  IxxToDbl.o [4]
__aeabi_ui2f            0x000045d9         Code  Gb  IxxToFlt.o [4]
__aeabi_uidiv           0x0000450f         Code  Gb  I32DivModFast.o [5]
__aeabi_uidivmod        0x0000450f         Code  Gb  I32DivModFast.o [5]
__cmain                 0x00007071         Code  Gb  cmain.o [5]
__code_start__ {Abs}    0x000040c0         Data  Gb  command line/config [2]
__exit                  0x000070a5         Code  Gb  XXexit.o [5]
__iar_Atan64            0x00005a29  0x1cc  Code  Gb  iar_Atan64.o [4]
__iar_asin64            0x0000521d  0x168  Code  Gb  asin64.o [4]
__iar_data_init3        0x00007039   0x28  Code  Gb  data_init.o [5]
__iar_program_start     0x000070bd         Code  Gb  cstartup_M.o [5]
__iar_sqrt64            0x00005969         Code  Gb  sqrt.o [4]
__iar_systems$$module {Abs}
                        0x00000001         Data  Gb  command line/config [2]
__iar_zero_init3        0x00006ea1   0x40  Code  Gb  zero_init3.o [5]
__low_level_init        0x0000708b    0x4  Code  Gb  low_level_init.o [3]
__vector_table          0x00004000   0xc0  Data  Gb  vectors.o [1]
_call_main              0x0000707d         Code  Gb  cmain.o [5]
_exit                   0x00007099         Code  Gb  cexit.o [5]
_main                   0x00007087         Code  Gb  cmain.o [5]
a                       0x00005c50   0x40  Data  Lc  iar_Atan64.o [4]
acmp0_irqhandler_default
                        0x000064f9    0x8  Code  Lc  vectors.o [1]
acmp1_irqhandler_default
                        0x00006521    0x8  Code  Lc  vectors.o [1]
adc0_irqhandler_default
                        0x000064f1    0x8  Code  Lc  vectors.o [1]
adc_init                0x00006b65   0x36  Code  Gb  KEA_adc.o [1]
adc_once                0x00006b9b   0x30  Code  Gb  KEA_adc.o [1]
adc_start               0x00006bcb   0x1c  Code  Lc  KEA_adc.o [1]
asin                    0x0000521d  0x168  Code  Gb  asin64.o [4]
asinl                   0x0000521d  0x168  Code  Gb  asin64.o [4]
assert_failed           0x000045bd    0x4  Code  Gb  MKEA128_conf.o [1]
bus_clk_khz             0x1ffff058    0x4  Data  Gb  system_SKEAZ1284.o [1]
common_startup          0x000065e9   0x60  Code  Gb  system_SKEAZ1284.o [1]
core_clk_khz            0x1ffff050    0x4  Data  Gb  system_SKEAZ1284.o [1]
core_clk_mhz            0x1ffff054    0x4  Data  Gb  system_SKEAZ1284.o [1]
default_isr             0x000045c1   0x18  Code  Gb  MKEA128_conf.o [1]
exit                    0x0000708f    0x8  Code  Gb  exit.o [3]
ftm0_irqhandler_default
                        0x00006501    0x8  Code  Lc  vectors.o [1]
ftm1_irqhandler_default
                        0x00006509    0x8  Code  Lc  vectors.o [1]
ftm2_irqhandler_default
                        0x00006511    0x8  Code  Lc  vectors.o [1]
ftm_clean               0x000044d7    0x6  Code  Gb  KEA_ftm.o [1]
ftm_enable_clk          0x000041f3   0x26  Code  Lc  KEA_ftm.o [1]
ftm_mod                 0x1ffff044    0xc  Data  Lc  KEA_ftm.o [1]
ftm_port_mux            0x000040c9  0x12a  Code  Lc  KEA_ftm.o [1]
ftm_pulse_get           0x000044d1    0x6  Code  Gb  KEA_ftm.o [1]
ftm_pulse_init          0x000044a1   0x30  Code  Gb  KEA_ftm.o [1]
ftm_pulse_mux           0x00004409   0x82  Code  Gb  KEA_ftm.o [1]
ftm_pwm_fduty           0x00004345   0xb4  Code  Gb  KEA_ftm.o [1]
ftm_pwm_finit           0x00004219   0xee  Code  Gb  KEA_ftm.o [1]
ftmre_irqhandler_default
                        0x000064a1    0x8  Code  Lc  vectors.o [1]
g_fAngleControlOut      0x1ffff078    0x4  Data  Gb  VCAN_Control.o [1]
g_fCarAngle             0x1ffff068    0x4  Data  Gb  VCAN_Control.o [1]
g_fCarSpeed             0x1ffff07c    0x4  Data  Gb  VCAN_Control.o [1]
g_fDirectionControlOut  0x1ffff0a8    0x4  Data  Gb  VCAN_Control.o [1]
g_fDirectionControlOutNew
                        0x1ffff0a0    0x4  Data  Gb  VCAN_Control.o [1]
g_fDirectionControlOutOld
                        0x1ffff09c    0x4  Data  Gb  VCAN_Control.o [1]
g_fGravityAngle         0x1ffff060    0x4  Data  Gb  VCAN_Control.o [1]
g_fGyroscopeAngleIntegral
                        0x1ffff074    0x4  Data  Gb  VCAN_Control.o [1]
g_fGyroscopeAngleSpeed  0x1ffff064    0x4  Data  Gb  VCAN_Control.o [1]
g_fLeftMotorOut         0x1ffff0d8    0x4  Data  Gb  VCAN_PWM.o [1]
g_fLeftVoltageSigma     0x1ffff094    0x4  Data  Gb  VCAN_Control.o [1]
g_fRightMotorOut        0x1ffff0dc    0x4  Data  Gb  VCAN_PWM.o [1]
g_fRightVoltageSigma    0x1ffff098    0x4  Data  Gb  VCAN_Control.o [1]
g_fSpeedControlIntegral
                        0x1ffff080    0x4  Data  Gb  VCAN_Control.o [1]
g_fSpeedControlOut      0x1ffff08c    0x4  Data  Gb  VCAN_Control.o [1]
g_fSpeedControlOutNew   0x1ffff088    0x4  Data  Gb  VCAN_Control.o [1]
g_fSpeedControlOutOld   0x1ffff084    0x4  Data  Gb  VCAN_Control.o [1]
g_lnInputVoltageSigma   0x1ffff0f0   0x18  Data  Gb  VCAN_Voltage.o [1]
g_n1MSEventCount        0x1ffff0b4    0x4  Data  Gb  VCAN_Interrupt.o [1]
g_nDirectionControlCount
                        0x1ffff0bc    0x4  Data  Gb  VCAN_Interrupt.o [1]
g_nDirectionControlPeriod
                        0x1ffff0a4    0x4  Data  Gb  VCAN_Control.o [1]
g_nInputVoltage         0x1ffff108    0xc  Data  Gb  VCAN_Voltage.o [1]
g_nInputVoltageCount    0x1ffff0ec    0x4  Data  Gb  VCAN_Voltage.o [1]
g_nSpeedControlCount    0x1ffff0b8    0x4  Data  Gb  VCAN_Interrupt.o [1]
g_nSpeedControlPeriod   0x1ffff090    0x4  Data  Gb  VCAN_Control.o [1]
gpio_ddr                0x00004adb   0x58  Code  Gb  KEA_gpio.o [1]
gpio_get                0x00004beb   0x40  Code  Gb  KEA_gpio.o [1]
gpio_init               0x00004a2d   0xae  Code  Gb  KEA_gpio.o [1]
gpio_set                0x00004b33   0x7c  Code  Gb  KEA_gpio.o [1]
gpio_turn               0x00004baf   0x3c  Code  Gb  KEA_gpio.o [1]
hardfault_handler_default
                        0x00006411    0x8  Code  Lc  vectors.o [1]
i2c0_irqhandler_default
                        0x000064b9    0x8  Code  Lc  vectors.o [1]
i2c1_irqhandler_default
                        0x000064c1    0x8  Code  Lc  vectors.o [1]
ics_init                0x0000657d   0x5a  Code  Gb  system_SKEAZ1284.o [1]
ics_irqhandler_default  0x00006541    0x8  Code  Lc  vectors.o [1]
irq_irqhandler_default  0x000064b1    0x8  Code  Lc  vectors.o [1]
kbi0_irqhandler_default
                        0x00006529    0x8  Code  Lc  vectors.o [1]
kbi1_irqhandler_default
                        0x00006531    0x8  Code  Lc  vectors.o [1]
key1_count              0x1ffff0c0    0x4  Data  Gb  VCAN_key.o [1]
key1_flag               0x1ffff0c4    0x4  Data  Gb  VCAN_key.o [1]
key2_count              0x1ffff0c8    0x4  Data  Gb  VCAN_key.o [1]
key2_flag               0x1ffff0cc    0x4  Data  Gb  VCAN_key.o [1]
key3_count              0x1ffff0d0    0x4  Data  Gb  VCAN_key.o [1]
key3_flag               0x1ffff0d4    0x4  Data  Gb  VCAN_key.o [1]
key_dispose             0x00005d3f  0x1dc  Code  Gb  VCAN_key.o [1]
key_get                 0x00005d25   0x1a  Code  Gb  VCAN_key.o [1]
key_init                0x00005d01   0x24  Code  Gb  VCAN_key.o [1]
key_scan                0x00005f1b   0x82  Code  Gb  VCAN_key.o [1]
led_init                0x00004951   0x3a  Code  Gb  VCAN_LED.o [1]
led_turn                0x0000498b   0x32  Code  Gb  VCAN_LED.o [1]
leftMotorPulseSigma     0x1ffff0ac    0x4  Data  Gb  VCAN_ENCODER.o [1]
limit                   0x000051dd   0x40  Code  Gb  VCAN_FUN.o [1]
main                    0x00006781   0x68  Code  Gb  main.o [1]
mpu_acc_x               0x1ffff11e    0x2  Data  Gb  VCAN_MPU6050.o [1]
mpu_acc_y               0x1ffff120    0x2  Data  Gb  VCAN_MPU6050.o [1]
mpu_acc_z               0x1ffff122    0x2  Data  Gb  VCAN_MPU6050.o [1]
mpu_gyro_x              0x1ffff118    0x2  Data  Gb  VCAN_MPU6050.o [1]
mpu_gyro_y              0x1ffff11a    0x2  Data  Gb  VCAN_MPU6050.o [1]
mpu_gyro_z              0x1ffff11c    0x2  Data  Gb  VCAN_MPU6050.o [1]
mscan_rx_irqhandler_default
                        0x00006559    0x8  Code  Lc  vectors.o [1]
mscan_tx_err_wakeup_irqhandler_default
                        0x00006561    0x8  Code  Lc  vectors.o [1]
nmi_handler_default     0x00006409    0x8  Code  Lc  vectors.o [1]
pendsv_handler_default  0x00006469    0x8  Code  Lc  vectors.o [1]
pit0_irq                0x00007009   0x14  Code  Gb  MKEA128_it.o [1]
pit1_irq                0x0000701d   0x14  Code  Gb  MKEA128_it.o [1]
pit_init                0x00006add   0x78  Code  Gb  KEA_PIT.o [1]
pmc_irqhandler_default  0x000064a9    0x8  Code  Lc  vectors.o [1]
port_pull               0x00005c91   0x6a  Code  Gb  KEA_port.o [1]
pwt_irqhandler_default  0x00006551    0x8  Code  Lc  vectors.o [1]
read_ch                 0x0000583f   0x7a  Code  Gb  VCAN_IIC.o [1]
rightMotorPulseSigma    0x1ffff0b0    0x4  Data  Gb  VCAN_ENCODER.o [1]
rtc_irqhandler_default  0x00006519    0x8  Code  Lc  vectors.o [1]
send_ch                 0x000057f7   0x48  Code  Gb  VCAN_IIC.o [1]
sensor_get              0x0000691d   0x4c  Code  Gb  VCAN_SENSOR.o [1]
sensor_init             0x000068f5   0x28  Code  Gb  VCAN_SENSOR.o [1]
simiic_delay            0x000056f1   0x10  Code  Gb  VCAN_IIC.o [1]
simiic_read_regs        0x000058e3   0x5e  Code  Gb  VCAN_IIC.o [1]
simiic_write_reg        0x000058b9   0x2a  Code  Gb  VCAN_IIC.o [1]
soft_delay_ms           0x000049e5   0x1c  Code  Gb  misc.o [1]
soft_delay_us           0x000049c1   0x24  Code  Gb  misc.o [1]
speedl                  0x1ffff114    0x2  Data  Gb  VCAN_ENCODER.o [1]
speedr                  0x1ffff116    0x2  Data  Gb  VCAN_ENCODER.o [1]
spi0_irqhandler_default
                        0x000064c9    0x8  Code  Lc  vectors.o [1]
spi1_irqhandler_default
                        0x000064d1    0x8  Code  Lc  vectors.o [1]
sqrt                    0x00005969         Code  Gb  sqrt.o [4]
sqrtl                   0x00005969         Code  Gb  sqrt.o [4]
start                   0x00006569   0x14  Code  Gb  system_SKEAZ1284.o [1]
svc_handler_default     0x00006451    0x8  Code  Lc  vectors.o [1]
sysinit                 0x000065d7   0x12  Code  Gb  system_SKEAZ1284.o [1]
systick_delay           0x00006a79   0x38  Code  Gb  KEA_SysTick.o [1]
systick_delay_ms        0x00006ab1   0x18  Code  Gb  KEA_SysTick.o [1]
systick_handler_default
                        0x00006471    0x8  Code  Lc  vectors.o [1]
timer_clk_khz           0x1ffff05c    0x4  Data  Gb  system_SKEAZ1284.o [1]
uart0_irqhandler_default
                        0x000064d9    0x8  Code  Lc  vectors.o [1]
uart1_irqhandler_default
                        0x000064e1    0x8  Code  Lc  vectors.o [1]
uart2_irqhandler_default
                        0x000064e9    0x8  Code  Lc  vectors.o [1]
uart_init               0x000067f9   0xd4  Code  Gb  KEA_uart.o [1]
vector_004_default      0x00006419    0x8  Code  Lc  vectors.o [1]
vector_005_default      0x00006421    0x8  Code  Lc  vectors.o [1]
vector_006_default      0x00006429    0x8  Code  Lc  vectors.o [1]
vector_007_default      0x00006431    0x8  Code  Lc  vectors.o [1]
vector_008_default      0x00006439    0x8  Code  Lc  vectors.o [1]
vector_009_default      0x00006441    0x8  Code  Lc  vectors.o [1]
vector_010_default      0x00006449    0x8  Code  Lc  vectors.o [1]
vector_012_default      0x00006459    0x8  Code  Lc  vectors.o [1]
vector_013_default      0x00006461    0x8  Code  Lc  vectors.o [1]
vector_016_default      0x00006479    0x8  Code  Lc  vectors.o [1]
vector_017_default      0x00006481    0x8  Code  Lc  vectors.o [1]
vector_018_default      0x00006489    0x8  Code  Lc  vectors.o [1]
vector_019_default      0x00006491    0x8  Code  Lc  vectors.o [1]
vector_020_default      0x00006499    0x8  Code  Lc  vectors.o [1]
vector_042_default      0x00006539    0x8  Code  Lc  vectors.o [1]
voltage_gravity         0x1ffff070    0x4  Data  Gb  VCAN_Control.o [1]
voltage_gyro            0x1ffff06c    0x4  Data  Gb  VCAN_Control.o [1]
voltage_left            0x1ffff124    0x2  Data  Gb  VCAN_SENSOR.o [1]
voltage_right           0x1ffff126    0x2  Data  Gb  VCAN_SENSOR.o [1]
wdog_disable            0x00006699   0x1a  Code  Gb  KEA_wdog.o [1]
wdog_irqhandler_default
                        0x00006549    0x8  Code  Lc  vectors.o [1]
wdog_unlock             0x000066b3   0x1c  Code  Lc  KEA_wdog.o [1]
write_vtor              0x00004a01   0x20  Code  Gb  misc.o [1]


[1] = E:\resources\smart_car\prj\code\KEAZ128\Prj\IAR\KEA128_Debug\Obj
[2] = command line
[3] = dl6M_tlf.a
[4] = m6M_tl.a
[5] = rt6M_tl.a

  11 840 bytes of readonly  code memory
     648 bytes of readonly  data memory
     296 bytes of readwrite data memory

Errors: none
Warnings: none
